﻿  Determinando los proyectos que se van a restaurar...
  Todos los proyectos est├ín actualizados para la restauraci├│n.
  CoursePlatform.Domain -> C:\Users\contr\OneDrive\Documents\antigravity\assassment_sena\CoursePlatform.Domain\bin\Debug\net8.0\CoursePlatform.Domain.dll
C:\Users\contr\OneDrive\Documents\antigravity\assassment_sena\CoursePlatform.Application\Interfaces\ITaskService.cs(13,49): error CS0246: El nombre del tipo o del espacio de nombres 'TaskProgressStatus' no se encontr├│ (┬┐falta una directiva using o una referencia de ensamblado?) [C:\Users\contr\OneDrive\Documents\antigravity\assassment_sena\CoursePlatform.Application\CoursePlatform.Application.csproj]
C:\Users\contr\OneDrive\Documents\antigravity\assassment_sena\CoursePlatform.Application\Services\TaskService.cs(11,51): error CS0535: 'TaskService' no implementa el miembro de interfaz 'ITaskService.ChangeTaskStatus(Guid, TaskProgressStatus)' [C:\Users\contr\OneDrive\Documents\antigravity\assassment_sena\CoursePlatform.Application\CoursePlatform.Application.csproj]

ERROR al compilar.

C:\Users\contr\OneDrive\Documents\antigravity\assassment_sena\CoursePlatform.Application\Interfaces\ITaskService.cs(13,49): error CS0246: El nombre del tipo o del espacio de nombres 'TaskProgressStatus' no se encontr├│ (┬┐falta una directiva using o una referencia de ensamblado?) [C:\Users\contr\OneDrive\Documents\antigravity\assassment_sena\CoursePlatform.Application\CoursePlatform.Application.csproj]
C:\Users\contr\OneDrive\Documents\antigravity\assassment_sena\CoursePlatform.Application\Services\TaskService.cs(11,51): error CS0535: 'TaskService' no implementa el miembro de interfaz 'ITaskService.ChangeTaskStatus(Guid, TaskProgressStatus)' [C:\Users\contr\OneDrive\Documents\antigravity\assassment_sena\CoursePlatform.Application\CoursePlatform.Application.csproj]
    0 Advertencia(s)
    2 Errores

Tiempo transcurrido 00:00:01.11
