  Determinando los proyectos que se van a restaurar...
  Todos los proyectos est├ín actualizados para la restauraci├│n.
  CoursePlatform.Domain -> C:\Users\contr\OneDrive\Documents\antigravity\assassment_sena\CoursePlatform.Domain\bin\Debug\net8.0\CoursePlatform.Domain.dll
  CoursePlatform.Application -> C:\Users\contr\OneDrive\Documents\antigravity\assassment_sena\CoursePlatform.Application\bin\Debug\net8.0\CoursePlatform.Application.dll
  CoursePlatform.Infrastructure -> C:\Users\contr\OneDrive\Documents\antigravity\assassment_sena\CoursePlatform.Infrastructure\bin\Debug\net8.0\CoursePlatform.Infrastructure.dll
  CoursePlatform.Tests -> C:\Users\contr\OneDrive\Documents\antigravity\assassment_sena\CoursePlatform.Tests\bin\Debug\net8.0\CoursePlatform.Tests.dll
C:\Users\contr\OneDrive\Documents\antigravity\assassment_sena\CoursePlatform.Api\Controllers\Web\ProjectsController.cs(20,60): warning CS8625: No se puede convertir un literal NULL en un tipo de referencia que no acepta valores NULL. [C:\Users\contr\OneDrive\Documents\antigravity\assassment_sena\CoursePlatform.Api\CoursePlatform.Api.csproj]
C:\Users\contr\OneDrive\Documents\antigravity\assassment_sena\CoursePlatform.Api\Controllers\Web\AuthController.cs(21,51): warning CS8625: No se puede convertir un literal NULL en un tipo de referencia que no acepta valores NULL. [C:\Users\contr\OneDrive\Documents\antigravity\assassment_sena\CoursePlatform.Api\CoursePlatform.Api.csproj]
C:\Users\contr\OneDrive\Documents\antigravity\assassment_sena\CoursePlatform.Api\Controllers\Web\AuthController.cs(28,94): warning CS8625: No se puede convertir un literal NULL en un tipo de referencia que no acepta valores NULL. [C:\Users\contr\OneDrive\Documents\antigravity\assassment_sena\CoursePlatform.Api\CoursePlatform.Api.csproj]
C:\Users\contr\OneDrive\Documents\antigravity\assassment_sena\CoursePlatform.Api\Controllers\Web\TasksController.cs(106,50): warning CS8618: El elemento propiedad "Title" que no acepta valores NULL debe contener un valor distinto de NULL al salir del constructor. Considere la posibilidad de agregar el modificador "required'"o declarar el propiedad como un valor que acepta valores NULL. [C:\Users\contr\OneDrive\Documents\antigravity\assassment_sena\CoursePlatform.Api\CoursePlatform.Api.csproj]
C:\Users\contr\OneDrive\Documents\antigravity\assassment_sena\CoursePlatform.Api\Controllers\Web\TasksController.cs(105,50): warning CS8618: El elemento propiedad "Title" que no acepta valores NULL debe contener un valor distinto de NULL al salir del constructor. Considere la posibilidad de agregar el modificador "required'"o declarar el propiedad como un valor que acepta valores NULL. [C:\Users\contr\OneDrive\Documents\antigravity\assassment_sena\CoursePlatform.Api\CoursePlatform.Api.csproj]
C:\Users\contr\OneDrive\Documents\antigravity\assassment_sena\CoursePlatform.Api\Controllers\Web\TasksController.cs(28,40): error CS1061: "ITaskService" no contiene una definici├│n para "GetProjectTasksAsync" ni un m├®todo de extensi├│n accesible "GetProjectTasksAsync" que acepte un primer argumento del tipo "ITaskService" (┬┐falta alguna directiva using o una referencia de ensamblado?) [C:\Users\contr\OneDrive\Documents\antigravity\assassment_sena\CoursePlatform.Api\CoursePlatform.Api.csproj]
C:\Users\contr\OneDrive\Documents\antigravity\assassment_sena\CoursePlatform.Api\Controllers\Web\TasksController.cs(29,45): error CS1061: "IProjectService" no contiene una definici├│n para "GetProjectSummaryAsync" ni un m├®todo de extensi├│n accesible "GetProjectSummaryAsync" que acepte un primer argumento del tipo "IProjectService" (┬┐falta alguna directiva using o una referencia de ensamblado?) [C:\Users\contr\OneDrive\Documents\antigravity\assassment_sena\CoursePlatform.Api\CoursePlatform.Api.csproj]
C:\Users\contr\OneDrive\Documents\antigravity\assassment_sena\CoursePlatform.Api\Controllers\Web\TasksController.cs(49,32): error CS1061: "ITaskService" no contiene una definici├│n para "CreateTaskAsync" ni un m├®todo de extensi├│n accesible "CreateTaskAsync" que acepte un primer argumento del tipo "ITaskService" (┬┐falta alguna directiva using o una referencia de ensamblado?) [C:\Users\contr\OneDrive\Documents\antigravity\assassment_sena\CoursePlatform.Api\CoursePlatform.Api.csproj]
C:\Users\contr\OneDrive\Documents\antigravity\assassment_sena\CoursePlatform.Api\Controllers\Web\TasksController.cs(58,40): error CS1061: "ITaskService" no contiene una definici├│n para "GetProjectTasksAsync" ni un m├®todo de extensi├│n accesible "GetProjectTasksAsync" que acepte un primer argumento del tipo "ITaskService" (┬┐falta alguna directiva using o una referencia de ensamblado?) [C:\Users\contr\OneDrive\Documents\antigravity\assassment_sena\CoursePlatform.Api\CoursePlatform.Api.csproj]
C:\Users\contr\OneDrive\Documents\antigravity\assassment_sena\CoursePlatform.Api\Controllers\Web\TasksController.cs(64,157): error CS0428: No se puede convertir el grupo de m├®todos 'Order' en el tipo no delegado 'int'. ┬┐Intent├│ invocar el m├®todo? [C:\Users\contr\OneDrive\Documents\antigravity\assassment_sena\CoursePlatform.Api\CoursePlatform.Api.csproj]
C:\Users\contr\OneDrive\Documents\antigravity\assassment_sena\CoursePlatform.Api\Controllers\Web\TasksController.cs(73,32): error CS1061: "ITaskService" no contiene una definici├│n para "UpdateTaskAsync" ni un m├®todo de extensi├│n accesible "UpdateTaskAsync" que acepte un primer argumento del tipo "ITaskService" (┬┐falta alguna directiva using o una referencia de ensamblado?) [C:\Users\contr\OneDrive\Documents\antigravity\assassment_sena\CoursePlatform.Api\CoursePlatform.Api.csproj]
C:\Users\contr\OneDrive\Documents\antigravity\assassment_sena\CoursePlatform.Api\Controllers\Web\TasksController.cs(82,28): error CS1061: "ITaskService" no contiene una definici├│n para "DeleteTaskAsync" ni un m├®todo de extensi├│n accesible "DeleteTaskAsync" que acepte un primer argumento del tipo "ITaskService" (┬┐falta alguna directiva using o una referencia de ensamblado?) [C:\Users\contr\OneDrive\Documents\antigravity\assassment_sena\CoursePlatform.Api\CoursePlatform.Api.csproj]
C:\Users\contr\OneDrive\Documents\antigravity\assassment_sena\CoursePlatform.Api\Controllers\Web\TasksController.cs(90,28): error CS1061: "ITaskService" no contiene una definici├│n para "CompleteTaskAsync" ni un m├®todo de extensi├│n accesible "CompleteTaskAsync" que acepte un primer argumento del tipo "ITaskService" (┬┐falta alguna directiva using o una referencia de ensamblado?) [C:\Users\contr\OneDrive\Documents\antigravity\assassment_sena\CoursePlatform.Api\CoursePlatform.Api.csproj]
C:\Users\contr\OneDrive\Documents\antigravity\assassment_sena\CoursePlatform.Api\Controllers\Web\TasksController.cs(99,32): error CS1061: "ITaskService" no contiene una definici├│n para "ReorderTaskAsync" ni un m├®todo de extensi├│n accesible "ReorderTaskAsync" que acepte un primer argumento del tipo "ITaskService" (┬┐falta alguna directiva using o una referencia de ensamblado?) [C:\Users\contr\OneDrive\Documents\antigravity\assassment_sena\CoursePlatform.Api\CoursePlatform.Api.csproj]
C:\Users\contr\OneDrive\Documents\antigravity\assassment_sena\CoursePlatform.Api\Controllers\Web\ProjectsController.cs(84,53): warning CS8618: El elemento propiedad "Name" que no acepta valores NULL debe contener un valor distinto de NULL al salir del constructor. Considere la posibilidad de agregar el modificador "required'"o declarar el propiedad como un valor que acepta valores NULL. [C:\Users\contr\OneDrive\Documents\antigravity\assassment_sena\CoursePlatform.Api\CoursePlatform.Api.csproj]
C:\Users\contr\OneDrive\Documents\antigravity\assassment_sena\CoursePlatform.Api\Controllers\Web\ProjectsController.cs(84,86): warning CS8618: El elemento propiedad "Description" que no acepta valores NULL debe contener un valor distinto de NULL al salir del constructor. Considere la posibilidad de agregar el modificador "required'"o declarar el propiedad como un valor que acepta valores NULL. [C:\Users\contr\OneDrive\Documents\antigravity\assassment_sena\CoursePlatform.Api\CoursePlatform.Api.csproj]
C:\Users\contr\OneDrive\Documents\antigravity\assassment_sena\CoursePlatform.Api\Controllers\Web\ProjectsController.cs(22,44): error CS1061: "IProjectService" no contiene una definici├│n para "GetProjectsAsync" ni un m├®todo de extensi├│n accesible "GetProjectsAsync" que acepte un primer argumento del tipo "IProjectService" (┬┐falta alguna directiva using o una referencia de ensamblado?) [C:\Users\contr\OneDrive\Documents\antigravity\assassment_sena\CoursePlatform.Api\CoursePlatform.Api.csproj]
C:\Users\contr\OneDrive\Documents\antigravity\assassment_sena\CoursePlatform.Api\Controllers\Web\ProjectsController.cs(85,53): warning CS8618: El elemento propiedad "Name" que no acepta valores NULL debe contener un valor distinto de NULL al salir del constructor. Considere la posibilidad de agregar el modificador "required'"o declarar el propiedad como un valor que acepta valores NULL. [C:\Users\contr\OneDrive\Documents\antigravity\assassment_sena\CoursePlatform.Api\CoursePlatform.Api.csproj]
C:\Users\contr\OneDrive\Documents\antigravity\assassment_sena\CoursePlatform.Api\Controllers\Web\ProjectsController.cs(85,86): warning CS8618: El elemento propiedad "Description" que no acepta valores NULL debe contener un valor distinto de NULL al salir del constructor. Considere la posibilidad de agregar el modificador "required'"o declarar el propiedad como un valor que acepta valores NULL. [C:\Users\contr\OneDrive\Documents\antigravity\assassment_sena\CoursePlatform.Api\CoursePlatform.Api.csproj]
C:\Users\contr\OneDrive\Documents\antigravity\assassment_sena\CoursePlatform.Api\Controllers\Web\ProjectsController.cs(38,31): error CS1061: "IProjectService" no contiene una definici├│n para "CreateProjectAsync" ni un m├®todo de extensi├│n accesible "CreateProjectAsync" que acepte un primer argumento del tipo "IProjectService" (┬┐falta alguna directiva using o una referencia de ensamblado?) [C:\Users\contr\OneDrive\Documents\antigravity\assassment_sena\CoursePlatform.Api\CoursePlatform.Api.csproj]
C:\Users\contr\OneDrive\Documents\antigravity\assassment_sena\CoursePlatform.Api\Controllers\Web\ProjectsController.cs(45,45): error CS1061: "IProjectService" no contiene una definici├│n para "GetProjectSummaryAsync" ni un m├®todo de extensi├│n accesible "GetProjectSummaryAsync" que acepte un primer argumento del tipo "IProjectService" (┬┐falta alguna directiva using o una referencia de ensamblado?) [C:\Users\contr\OneDrive\Documents\antigravity\assassment_sena\CoursePlatform.Api\CoursePlatform.Api.csproj]
C:\Users\contr\OneDrive\Documents\antigravity\assassment_sena\CoursePlatform.Api\Controllers\Web\ProjectsController.cs(55,31): error CS1061: "IProjectService" no contiene una definici├│n para "UpdateProjectAsync" ni un m├®todo de extensi├│n accesible "UpdateProjectAsync" que acepte un primer argumento del tipo "IProjectService" (┬┐falta alguna directiva using o una referencia de ensamblado?) [C:\Users\contr\OneDrive\Documents\antigravity\assassment_sena\CoursePlatform.Api\CoursePlatform.Api.csproj]
C:\Users\contr\OneDrive\Documents\antigravity\assassment_sena\CoursePlatform.Api\Controllers\Web\ProjectsController.cs(63,31): error CS1061: "IProjectService" no contiene una definici├│n para "DeleteProjectAsync" ni un m├®todo de extensi├│n accesible "DeleteProjectAsync" que acepte un primer argumento del tipo "IProjectService" (┬┐falta alguna directiva using o una referencia de ensamblado?) [C:\Users\contr\OneDrive\Documents\antigravity\assassment_sena\CoursePlatform.Api\CoursePlatform.Api.csproj]
C:\Users\contr\OneDrive\Documents\antigravity\assassment_sena\CoursePlatform.Api\Controllers\Web\ProjectsController.cs(71,37): error CS1061: "IProjectService" no contiene una definici├│n para "ActivateProjectAsync" ni un m├®todo de extensi├│n accesible "ActivateProjectAsync" que acepte un primer argumento del tipo "IProjectService" (┬┐falta alguna directiva using o una referencia de ensamblado?) [C:\Users\contr\OneDrive\Documents\antigravity\assassment_sena\CoursePlatform.Api\CoursePlatform.Api.csproj]
C:\Users\contr\OneDrive\Documents\antigravity\assassment_sena\CoursePlatform.Api\Controllers\Web\ProjectsController.cs(79,37): error CS1061: "IProjectService" no contiene una definici├│n para "CompleteProjectAsync" ni un m├®todo de extensi├│n accesible "CompleteProjectAsync" que acepte un primer argumento del tipo "IProjectService" (┬┐falta alguna directiva using o una referencia de ensamblado?) [C:\Users\contr\OneDrive\Documents\antigravity\assassment_sena\CoursePlatform.Api\CoursePlatform.Api.csproj]
C:\Users\contr\OneDrive\Documents\antigravity\assassment_sena\CoursePlatform.Api\Views\Projects\Index.cshtml(4,17): warning CS8605: Conversi├│n unboxing a un valor posiblemente NULL. [C:\Users\contr\OneDrive\Documents\antigravity\assassment_sena\CoursePlatform.Api\CoursePlatform.Api.csproj]
C:\Users\contr\OneDrive\Documents\antigravity\assassment_sena\CoursePlatform.Api\Views\Projects\Index.cshtml(5,19): warning CS8605: Conversi├│n unboxing a un valor posiblemente NULL. [C:\Users\contr\OneDrive\Documents\antigravity\assassment_sena\CoursePlatform.Api\CoursePlatform.Api.csproj]
C:\Users\contr\OneDrive\Documents\antigravity\assassment_sena\CoursePlatform.Api\Views\Projects\Index.cshtml(6,16): warning CS8605: Conversi├│n unboxing a un valor posiblemente NULL. [C:\Users\contr\OneDrive\Documents\antigravity\assassment_sena\CoursePlatform.Api\CoursePlatform.Api.csproj]
C:\Users\contr\OneDrive\Documents\antigravity\assassment_sena\CoursePlatform.Api\Views\Tasks\Index.cshtml(56,59): error CS7036: No se ha dado ning├║n argumento que corresponda al par├ímetro requerido "destination" de "MemoryExtensions.ToLower(ReadOnlySpan<char>, Span<char>, CultureInfo?)" [C:\Users\contr\OneDrive\Documents\antigravity\assassment_sena\CoursePlatform.Api\CoursePlatform.Api.csproj]

ERROR al compilar.

C:\Users\contr\OneDrive\Documents\antigravity\assassment_sena\CoursePlatform.Api\Controllers\Web\ProjectsController.cs(20,60): warning CS8625: No se puede convertir un literal NULL en un tipo de referencia que no acepta valores NULL. [C:\Users\contr\OneDrive\Documents\antigravity\assassment_sena\CoursePlatform.Api\CoursePlatform.Api.csproj]
C:\Users\contr\OneDrive\Documents\antigravity\assassment_sena\CoursePlatform.Api\Controllers\Web\AuthController.cs(21,51): warning CS8625: No se puede convertir un literal NULL en un tipo de referencia que no acepta valores NULL. [C:\Users\contr\OneDrive\Documents\antigravity\assassment_sena\CoursePlatform.Api\CoursePlatform.Api.csproj]
C:\Users\contr\OneDrive\Documents\antigravity\assassment_sena\CoursePlatform.Api\Controllers\Web\AuthController.cs(28,94): warning CS8625: No se puede convertir un literal NULL en un tipo de referencia que no acepta valores NULL. [C:\Users\contr\OneDrive\Documents\antigravity\assassment_sena\CoursePlatform.Api\CoursePlatform.Api.csproj]
C:\Users\contr\OneDrive\Documents\antigravity\assassment_sena\CoursePlatform.Api\Controllers\Web\TasksController.cs(106,50): warning CS8618: El elemento propiedad "Title" que no acepta valores NULL debe contener un valor distinto de NULL al salir del constructor. Considere la posibilidad de agregar el modificador "required'"o declarar el propiedad como un valor que acepta valores NULL. [C:\Users\contr\OneDrive\Documents\antigravity\assassment_sena\CoursePlatform.Api\CoursePlatform.Api.csproj]
C:\Users\contr\OneDrive\Documents\antigravity\assassment_sena\CoursePlatform.Api\Controllers\Web\TasksController.cs(105,50): warning CS8618: El elemento propiedad "Title" que no acepta valores NULL debe contener un valor distinto de NULL al salir del constructor. Considere la posibilidad de agregar el modificador "required'"o declarar el propiedad como un valor que acepta valores NULL. [C:\Users\contr\OneDrive\Documents\antigravity\assassment_sena\CoursePlatform.Api\CoursePlatform.Api.csproj]
C:\Users\contr\OneDrive\Documents\antigravity\assassment_sena\CoursePlatform.Api\Controllers\Web\ProjectsController.cs(84,53): warning CS8618: El elemento propiedad "Name" que no acepta valores NULL debe contener un valor distinto de NULL al salir del constructor. Considere la posibilidad de agregar el modificador "required'"o declarar el propiedad como un valor que acepta valores NULL. [C:\Users\contr\OneDrive\Documents\antigravity\assassment_sena\CoursePlatform.Api\CoursePlatform.Api.csproj]
C:\Users\contr\OneDrive\Documents\antigravity\assassment_sena\CoursePlatform.Api\Controllers\Web\ProjectsController.cs(84,86): warning CS8618: El elemento propiedad "Description" que no acepta valores NULL debe contener un valor distinto de NULL al salir del constructor. Considere la posibilidad de agregar el modificador "required'"o declarar el propiedad como un valor que acepta valores NULL. [C:\Users\contr\OneDrive\Documents\antigravity\assassment_sena\CoursePlatform.Api\CoursePlatform.Api.csproj]
C:\Users\contr\OneDrive\Documents\antigravity\assassment_sena\CoursePlatform.Api\Controllers\Web\ProjectsController.cs(85,53): warning CS8618: El elemento propiedad "Name" que no acepta valores NULL debe contener un valor distinto de NULL al salir del constructor. Considere la posibilidad de agregar el modificador "required'"o declarar el propiedad como un valor que acepta valores NULL. [C:\Users\contr\OneDrive\Documents\antigravity\assassment_sena\CoursePlatform.Api\CoursePlatform.Api.csproj]
C:\Users\contr\OneDrive\Documents\antigravity\assassment_sena\CoursePlatform.Api\Controllers\Web\ProjectsController.cs(85,86): warning CS8618: El elemento propiedad "Description" que no acepta valores NULL debe contener un valor distinto de NULL al salir del constructor. Considere la posibilidad de agregar el modificador "required'"o declarar el propiedad como un valor que acepta valores NULL. [C:\Users\contr\OneDrive\Documents\antigravity\assassment_sena\CoursePlatform.Api\CoursePlatform.Api.csproj]
C:\Users\contr\OneDrive\Documents\antigravity\assassment_sena\CoursePlatform.Api\Views\Projects\Index.cshtml(4,17): warning CS8605: Conversi├│n unboxing a un valor posiblemente NULL. [C:\Users\contr\OneDrive\Documents\antigravity\assassment_sena\CoursePlatform.Api\CoursePlatform.Api.csproj]
C:\Users\contr\OneDrive\Documents\antigravity\assassment_sena\CoursePlatform.Api\Views\Projects\Index.cshtml(5,19): warning CS8605: Conversi├│n unboxing a un valor posiblemente NULL. [C:\Users\contr\OneDrive\Documents\antigravity\assassment_sena\CoursePlatform.Api\CoursePlatform.Api.csproj]
C:\Users\contr\OneDrive\Documents\antigravity\assassment_sena\CoursePlatform.Api\Views\Projects\Index.cshtml(6,16): warning CS8605: Conversi├│n unboxing a un valor posiblemente NULL. [C:\Users\contr\OneDrive\Documents\antigravity\assassment_sena\CoursePlatform.Api\CoursePlatform.Api.csproj]
C:\Users\contr\OneDrive\Documents\antigravity\assassment_sena\CoursePlatform.Api\Controllers\Web\TasksController.cs(28,40): error CS1061: "ITaskService" no contiene una definici├│n para "GetProjectTasksAsync" ni un m├®todo de extensi├│n accesible "GetProjectTasksAsync" que acepte un primer argumento del tipo "ITaskService" (┬┐falta alguna directiva using o una referencia de ensamblado?) [C:\Users\contr\OneDrive\Documents\antigravity\assassment_sena\CoursePlatform.Api\CoursePlatform.Api.csproj]
C:\Users\contr\OneDrive\Documents\antigravity\assassment_sena\CoursePlatform.Api\Controllers\Web\TasksController.cs(29,45): error CS1061: "IProjectService" no contiene una definici├│n para "GetProjectSummaryAsync" ni un m├®todo de extensi├│n accesible "GetProjectSummaryAsync" que acepte un primer argumento del tipo "IProjectService" (┬┐falta alguna directiva using o una referencia de ensamblado?) [C:\Users\contr\OneDrive\Documents\antigravity\assassment_sena\CoursePlatform.Api\CoursePlatform.Api.csproj]
C:\Users\contr\OneDrive\Documents\antigravity\assassment_sena\CoursePlatform.Api\Controllers\Web\TasksController.cs(49,32): error CS1061: "ITaskService" no contiene una definici├│n para "CreateTaskAsync" ni un m├®todo de extensi├│n accesible "CreateTaskAsync" que acepte un primer argumento del tipo "ITaskService" (┬┐falta alguna directiva using o una referencia de ensamblado?) [C:\Users\contr\OneDrive\Documents\antigravity\assassment_sena\CoursePlatform.Api\CoursePlatform.Api.csproj]
C:\Users\contr\OneDrive\Documents\antigravity\assassment_sena\CoursePlatform.Api\Controllers\Web\TasksController.cs(58,40): error CS1061: "ITaskService" no contiene una definici├│n para "GetProjectTasksAsync" ni un m├®todo de extensi├│n accesible "GetProjectTasksAsync" que acepte un primer argumento del tipo "ITaskService" (┬┐falta alguna directiva using o una referencia de ensamblado?) [C:\Users\contr\OneDrive\Documents\antigravity\assassment_sena\CoursePlatform.Api\CoursePlatform.Api.csproj]
C:\Users\contr\OneDrive\Documents\antigravity\assassment_sena\CoursePlatform.Api\Controllers\Web\TasksController.cs(64,157): error CS0428: No se puede convertir el grupo de m├®todos 'Order' en el tipo no delegado 'int'. ┬┐Intent├│ invocar el m├®todo? [C:\Users\contr\OneDrive\Documents\antigravity\assassment_sena\CoursePlatform.Api\CoursePlatform.Api.csproj]
C:\Users\contr\OneDrive\Documents\antigravity\assassment_sena\CoursePlatform.Api\Controllers\Web\TasksController.cs(73,32): error CS1061: "ITaskService" no contiene una definici├│n para "UpdateTaskAsync" ni un m├®todo de extensi├│n accesible "UpdateTaskAsync" que acepte un primer argumento del tipo "ITaskService" (┬┐falta alguna directiva using o una referencia de ensamblado?) [C:\Users\contr\OneDrive\Documents\antigravity\assassment_sena\CoursePlatform.Api\CoursePlatform.Api.csproj]
C:\Users\contr\OneDrive\Documents\antigravity\assassment_sena\CoursePlatform.Api\Controllers\Web\TasksController.cs(82,28): error CS1061: "ITaskService" no contiene una definici├│n para "DeleteTaskAsync" ni un m├®todo de extensi├│n accesible "DeleteTaskAsync" que acepte un primer argumento del tipo "ITaskService" (┬┐falta alguna directiva using o una referencia de ensamblado?) [C:\Users\contr\OneDrive\Documents\antigravity\assassment_sena\CoursePlatform.Api\CoursePlatform.Api.csproj]
C:\Users\contr\OneDrive\Documents\antigravity\assassment_sena\CoursePlatform.Api\Controllers\Web\TasksController.cs(90,28): error CS1061: "ITaskService" no contiene una definici├│n para "CompleteTaskAsync" ni un m├®todo de extensi├│n accesible "CompleteTaskAsync" que acepte un primer argumento del tipo "ITaskService" (┬┐falta alguna directiva using o una referencia de ensamblado?) [C:\Users\contr\OneDrive\Documents\antigravity\assassment_sena\CoursePlatform.Api\CoursePlatform.Api.csproj]
C:\Users\contr\OneDrive\Documents\antigravity\assassment_sena\CoursePlatform.Api\Controllers\Web\TasksController.cs(99,32): error CS1061: "ITaskService" no contiene una definici├│n para "ReorderTaskAsync" ni un m├®todo de extensi├│n accesible "ReorderTaskAsync" que acepte un primer argumento del tipo "ITaskService" (┬┐falta alguna directiva using o una referencia de ensamblado?) [C:\Users\contr\OneDrive\Documents\antigravity\assassment_sena\CoursePlatform.Api\CoursePlatform.Api.csproj]
C:\Users\contr\OneDrive\Documents\antigravity\assassment_sena\CoursePlatform.Api\Controllers\Web\ProjectsController.cs(22,44): error CS1061: "IProjectService" no contiene una definici├│n para "GetProjectsAsync" ni un m├®todo de extensi├│n accesible "GetProjectsAsync" que acepte un primer argumento del tipo "IProjectService" (┬┐falta alguna directiva using o una referencia de ensamblado?) [C:\Users\contr\OneDrive\Documents\antigravity\assassment_sena\CoursePlatform.Api\CoursePlatform.Api.csproj]
C:\Users\contr\OneDrive\Documents\antigravity\assassment_sena\CoursePlatform.Api\Controllers\Web\ProjectsController.cs(38,31): error CS1061: "IProjectService" no contiene una definici├│n para "CreateProjectAsync" ni un m├®todo de extensi├│n accesible "CreateProjectAsync" que acepte un primer argumento del tipo "IProjectService" (┬┐falta alguna directiva using o una referencia de ensamblado?) [C:\Users\contr\OneDrive\Documents\antigravity\assassment_sena\CoursePlatform.Api\CoursePlatform.Api.csproj]
C:\Users\contr\OneDrive\Documents\antigravity\assassment_sena\CoursePlatform.Api\Controllers\Web\ProjectsController.cs(45,45): error CS1061: "IProjectService" no contiene una definici├│n para "GetProjectSummaryAsync" ni un m├®todo de extensi├│n accesible "GetProjectSummaryAsync" que acepte un primer argumento del tipo "IProjectService" (┬┐falta alguna directiva using o una referencia de ensamblado?) [C:\Users\contr\OneDrive\Documents\antigravity\assassment_sena\CoursePlatform.Api\CoursePlatform.Api.csproj]
C:\Users\contr\OneDrive\Documents\antigravity\assassment_sena\CoursePlatform.Api\Controllers\Web\ProjectsController.cs(55,31): error CS1061: "IProjectService" no contiene una definici├│n para "UpdateProjectAsync" ni un m├®todo de extensi├│n accesible "UpdateProjectAsync" que acepte un primer argumento del tipo "IProjectService" (┬┐falta alguna directiva using o una referencia de ensamblado?) [C:\Users\contr\OneDrive\Documents\antigravity\assassment_sena\CoursePlatform.Api\CoursePlatform.Api.csproj]
C:\Users\contr\OneDrive\Documents\antigravity\assassment_sena\CoursePlatform.Api\Controllers\Web\ProjectsController.cs(63,31): error CS1061: "IProjectService" no contiene una definici├│n para "DeleteProjectAsync" ni un m├®todo de extensi├│n accesible "DeleteProjectAsync" que acepte un primer argumento del tipo "IProjectService" (┬┐falta alguna directiva using o una referencia de ensamblado?) [C:\Users\contr\OneDrive\Documents\antigravity\assassment_sena\CoursePlatform.Api\CoursePlatform.Api.csproj]
C:\Users\contr\OneDrive\Documents\antigravity\assassment_sena\CoursePlatform.Api\Controllers\Web\ProjectsController.cs(71,37): error CS1061: "IProjectService" no contiene una definici├│n para "ActivateProjectAsync" ni un m├®todo de extensi├│n accesible "ActivateProjectAsync" que acepte un primer argumento del tipo "IProjectService" (┬┐falta alguna directiva using o una referencia de ensamblado?) [C:\Users\contr\OneDrive\Documents\antigravity\assassment_sena\CoursePlatform.Api\CoursePlatform.Api.csproj]
C:\Users\contr\OneDrive\Documents\antigravity\assassment_sena\CoursePlatform.Api\Controllers\Web\ProjectsController.cs(79,37): error CS1061: "IProjectService" no contiene una definici├│n para "CompleteProjectAsync" ni un m├®todo de extensi├│n accesible "CompleteProjectAsync" que acepte un primer argumento del tipo "IProjectService" (┬┐falta alguna directiva using o una referencia de ensamblado?) [C:\Users\contr\OneDrive\Documents\antigravity\assassment_sena\CoursePlatform.Api\CoursePlatform.Api.csproj]
C:\Users\contr\OneDrive\Documents\antigravity\assassment_sena\CoursePlatform.Api\Views\Tasks\Index.cshtml(56,59): error CS7036: No se ha dado ning├║n argumento que corresponda al par├ímetro requerido "destination" de "MemoryExtensions.ToLower(ReadOnlySpan<char>, Span<char>, CultureInfo?)" [C:\Users\contr\OneDrive\Documents\antigravity\assassment_sena\CoursePlatform.Api\CoursePlatform.Api.csproj]
    12 Advertencia(s)
    17 Errores

Tiempo transcurrido 00:00:01.37
